2026-10-02 22:50:38.322 INFO  [org.example.apitest.seating.SeatExamApp.main()] org.example.apitest.seating.SeatExamApp - 英语口语考试排座：4 个班级 × 每班 30 人 = 120 名考生，机房 60 个座位，拆分为 2 场次，每场求解 2 秒
2026-10-02 22:50:38.509 INFO  [org.example.apitest.seating.SeatExamApp.main()] org.optaplanner.core.impl.solver.DefaultSolver - Solving started: time spent (27), best score (-60init/0hard/0soft), environment mode (REPRODUCIBLE), move thread count (NONE), random (JDK with seed 0).
2026-10-02 22:50:38.520 DEBUG [org.example.apitest.seating.SeatExamApp.main()] org.optaplanner.core.impl.constructionheuristic.DefaultConstructionHeuristicPhase -     CH step (0), time spent (41), score (-59init/0hard/0soft), selected move count (60), picked move (1-01@- {null -> R1C1}).
2026-10-02 22:50:38.524 DEBUG [org.example.apitest.seating.SeatExamApp.main()] org.optaplanner.core.impl.constructionheuristic.DefaultConstructionHeuristicPhase -     CH step (1), time spent (45), score (-58init/0hard/0soft), selected move count (60), picked move (1-03@- {null -> R2C2}).
2026-10-02 22:50:38.527 DEBUG [org.example.apitest.seating.SeatExamApp.main()] org.optaplanner.core.impl.constructionheuristic.DefaultConstructionHeuristicPhase -     CH step (2), time spent (48), score (-57init/0hard/0soft), selected move count (60), picked move (1-05@- {null -> R3C1}).
2026-10-02 22:50:38.528 DEBUG [org.example.apitest.seating.SeatExamApp.main()] org.optaplanner.core.impl.constructionheuristic.DefaultConstructionHeuristicPhase -     CH step (3), time spent (49), score (-56init/0hard/0soft), selected move count (60), picked move (1-07@- {null -> R4C2}).
2026-10-02 22:50:38.530 DEBUG [org.example.apitest.seating.SeatExamApp.main()] org.optaplanner.core.impl.constructionheuristic.DefaultConstructionHeuristicPhase -     CH step (4), time spent (51), score (-55init/0hard/0soft), selected move count (60), picked move (1-09@- {null -> R5C1}).
2026-10-02 22:50:38.532 DEBUG [org.example.apitest.seating.SeatExamApp.main()] org.optaplanner.core.impl.constructionheuristic.DefaultConstructionHeuristicPhase -     CH step (5), time spent (53), score (-54init/0hard/0soft), selected move count (60), picked move (1-11@- {null -> R6C2}).
2026-10-02 22:50:38.533 DEBUG [org.example.apitest.seating.SeatExamApp.main()] org.optaplanner.core.impl.constructionheuristic.DefaultConstructionHeuristicPhase -     CH step (6), time spent (54), score (-53init/0hard/0soft), selected move count (60), picked move (1-13@- {null -> R7C1}).
2026-10-02 22:50:38.534 DEBUG [org.example.apitest.seating.SeatExamApp.main()] org.optaplanner.core.impl.constructionheuristic.DefaultConstructionHeuristicPhase -     CH step (7), time spent (55), score (-52init/0hard/0soft), selected move count (60), picked move (1-15@- {null -> R8C2}).
2026-10-02 22:50:38.536 DEBUG [org.example.apitest.seating.SeatExamApp.main()] org.optaplanner.core.impl.constructionheuristic.DefaultConstructionHeuristicPhase -     CH step (8), time spent (57), score (-51init/0hard/-1soft), selected move count (60), picked move (1-17@- {null -> R1C3}).
2026-10-02 22:50:38.537 DEBUG [org.example.apitest.seating.SeatExamApp.main()] org.optaplanner.core.impl.constructionheuristic.DefaultConstructionHeuristicPhase -     CH step (9), time spent (58), score (-50init/0hard/-2soft), selected move count (60), picked move (1-19@- {null -> R2C4}).
2026-10-02 22:50:38.538 DEBUG [org.example.apitest.seating.SeatExamApp.main()] org.optaplanner.core.impl.constructionheuristic.DefaultConstructionHeuristicPhase -     CH step (10), time spent (59), score (-49init/0hard/-3soft), selected move count (60), picked move (1-21@- {null -> R3C3}).
2026-10-02 22:50:38.539 DEBUG [org.example.apitest.seating.SeatExamApp.main()] org.optaplanner.core.impl.constructionheuristic.DefaultConstructionHeuristicPhase -     CH step (11), time spent (60), score (-48init/0hard/-4soft), selected move count (60), picked move (1-23@- {null -> R4C4}).
2026-10-02 22:50:38.539 DEBUG [org.example.apitest.seating.SeatExamApp.main()] org.optaplanner.core.impl.constructionheuristic.DefaultConstructionHeuristicPhase -     CH step (12), time spent (60), score (-47init/0hard/-5soft), selected move count (60), picked move (1-25@- {null -> R5C3}).
2026-10-02 22:50:38.540 DEBUG [org.example.apitest.seating.SeatExamApp.main()] org.optaplanner.core.impl.constructionheuristic.DefaultConstructionHeuristicPhase -     CH step (13), time spent (61), score (-46init/0hard/-6soft), selected move count (60), picked move (1-27@- {null -> R6C4}).
2026-10-02 22:50:38.541 DEBUG [org.example.apitest.seating.SeatExamApp.main()] org.optaplanner.core.impl.constructionheuristic.DefaultConstructionHeuristicPhase -     CH step (14), time spent (62), score (-45init/0hard/-7soft), selected move count (60), picked move (1-29@- {null -> R7C3}).
2026-10-02 22:50:38.541 DEBUG [org.example.apitest.seating.SeatExamApp.main()] org.optaplanner.core.impl.constructionheuristic.DefaultConstructionHeuristicPhase -     CH step (15), time spent (62), score (-44init/0hard/-7soft), selected move count (60), picked move (2-01@- {null -> R1C2}).
2026-10-02 22:50:38.541 DEBUG [org.example.apitest.seating.SeatExamApp.main()] org.optaplanner.core.impl.constructionheuristic.DefaultConstructionHeuristicPhase -     CH step (16), time spent (62), score (-43init/0hard/-7soft), selected move count (60), picked move (2-03@- {null -> R2C1}).
2026-10-02 22:50:38.542 DEBUG [org.example.apitest.seating.SeatExamApp.main()] org.optaplanner.core.impl.constructionheuristic.DefaultConstructionHeuristicPhase -     CH step (17), time spent (63), score (-42init/0hard/-7soft), selected move count (60), picked move (2-05@- {null -> R3C2}).
2026-10-02 22:50:38.542 DEBUG [org.example.apitest.seating.SeatExamApp.main()] org.optaplanner.core.impl.constructionheuristic.DefaultConstructionHeuristicPhase -     CH step (18), time spent (63), score (-41init/0hard/-7soft), selected move count (60), picked move (2-07@- {null -> R4C1}).
2026-10-02 22:50:38.543 DEBUG [org.example.apitest.seating.SeatExamApp.main()] org.optaplanner.core.impl.constructionheuristic.DefaultConstructionHeuristicPhase -     CH step (19), time spent (64), score (-40init/0hard/-7soft), selected move count (60), picked move (2-09@- {null -> R5C2}).
2026-10-02 22:50:38.543 DEBUG [org.example.apitest.seating.SeatExamApp.main()] org.optaplanner.core.impl.constructionheuristic.DefaultConstructionHeuristicPhase -     CH step (20), time spent (64), score (-39init/0hard/-7soft), selected move count (60), picked move (2-11@- {null -> R6C1}).
2026-10-02 22:50:38.543 DEBUG [org.example.apitest.seating.SeatExamApp.main()] org.optaplanner.core.impl.constructionheuristic.DefaultConstructionHeuristicPhase -     CH step (21), time spent (64), score (-38init/0hard/-7soft), selected move count (60), picked move (2-13@- {null -> R7C2}).
2026-10-02 22:50:38.544 DEBUG [org.example.apitest.seating.SeatExamApp.main()] org.optaplanner.core.impl.constructionheuristic.DefaultConstructionHeuristicPhase -     CH step (22), time spent (65), score (-37init/0hard/-7soft), selected move count (60), picked move (2-15@- {null -> R8C1}).
2026-10-02 22:50:38.546 DEBUG [org.example.apitest.seating.SeatExamApp.main()] org.optaplanner.core.impl.constructionheuristic.DefaultConstructionHeuristicPhase -     CH step (23), time spent (67), score (-36init/0hard/-8soft), selected move count (60), picked move (2-17@- {null -> R1C4}).
2026-10-02 22:50:38.547 DEBUG [org.example.apitest.seating.SeatExamApp.main()] org.optaplanner.core.impl.constructionheuristic.DefaultConstructionHeuristicPhase -     CH step (24), time spent (68), score (-35init/0hard/-9soft), selected move count (60), picked move (2-19@- {null -> R2C3}).
2026-10-02 22:50:38.547 DEBUG [org.example.apitest.seating.SeatExamApp.main()] org.optaplanner.core.impl.constructionheuristic.DefaultConstructionHeuristicPhase -     CH step (25), time spent (68), score (-34init/0hard/-10soft), selected move count (60), picked move (2-21@- {null -> R3C4}).
2026-10-02 22:50:38.548 DEBUG [org.example.apitest.seating.SeatExamApp.main()] org.optaplanner.core.impl.constructionheuristic.DefaultConstructionHeuristicPhase -     CH step (26), time spent (69), score (-33init/0hard/-11soft), selected move count (60), picked move (2-23@- {null -> R4C3}).
2026-10-02 22:50:38.548 DEBUG [org.example.apitest.seating.SeatExamApp.main()] org.optaplanner.core.impl.constructionheuristic.DefaultConstructionHeuristicPhase -     CH step (27), time spent (69), score (-32init/0hard/-12soft), selected move count (60), picked move (2-25@- {null -> R5C4}).
2026-10-02 22:50:38.548 DEBUG [org.example.apitest.seating.SeatExamApp.main()] org.optaplanner.core.impl.constructionheuristic.DefaultConstructionHeuristicPhase -     CH step (28), time spent (69), score (-31init/0hard/-13soft), selected move count (60), picked move (2-27@- {null -> R6C3}).
2026-10-02 22:50:38.549 DEBUG [org.example.apitest.seating.SeatExamApp.main()] org.optaplanner.core.impl.constructionheuristic.DefaultConstructionHeuristicPhase -     CH step (29), time spent (70), score (-30init/0hard/-14soft), selected move count (60), picked move (2-29@- {null -> R7C4}).
2026-10-02 22:50:38.549 DEBUG [org.example.apitest.seating.SeatExamApp.main()] org.optaplanner.core.impl.constructionheuristic.DefaultConstructionHeuristicPhase -     CH step (30), time spent (70), score (-29init/0hard/-14soft), selected move count (60), picked move (3-01@- {null -> R1C5}).
2026-10-02 22:50:38.550 DEBUG [org.example.apitest.seating.SeatExamApp.main()] org.optaplanner.core.impl.constructionheuristic.DefaultConstructionHeuristicPhase -     CH step (31), time spent (71), score (-28init/0hard/-14soft), selected move count (60), picked move (3-03@- {null -> R2C6}).
2026-10-02 22:50:38.550 DEBUG [org.example.apitest.seating.SeatExamApp.main()] org.optaplanner.core.impl.constructionheuristic.DefaultConstructionHeuristicPhase -     CH step (32), time spent (71), score (-27init/0hard/-14soft), selected move count (60), picked move (3-05@- {null -> R3C5}).
2026-10-02 22:50:38.550 DEBUG [org.example.apitest.seating.SeatExamApp.main()] org.optaplanner.core.impl.constructionheuristic.DefaultConstructionHeuristicPhase -     CH step (33), time spent (71), score (-26init/0hard/-14soft), selected move count (60), picked move (3-07@- {null -> R4C6}).
2026-10-02 22:50:38.551 DEBUG [org.example.apitest.seating.SeatExamApp.main()] org.optaplanner.core.impl.constructionheuristic.DefaultConstructionHeuristicPhase -     CH step (34), time spent (72), score (-25init/0hard/-14soft), selected move count (60), picked move (3-09@- {null -> R5C5}).
2026-10-02 22:50:38.551 DEBUG [org.example.apitest.seating.SeatExamApp.main()] org.optaplanner.core.impl.constructionheuristic.DefaultConstructionHeuristicPhase -     CH step (35), time spent (72), score (-24init/0hard/-14soft), selected move count (60), picked move (3-11@- {null -> R6C6}).
2026-10-02 22:50:38.552 DEBUG [org.example.apitest.seating.SeatExamApp.main()] org.optaplanner.core.impl.constructionheuristic.DefaultConstructionHeuristicPhase -     CH step (36), time spent (73), score (-23init/0hard/-14soft), selected move count (60), picked move (3-13@- {null -> R7C5}).
2026-10-02 22:50:38.552 DEBUG [org.example.apitest.seating.SeatExamApp.main()] org.optaplanner.core.impl.constructionheuristic.DefaultConstructionHeuristicPhase -     CH step (37), time spent (73), score (-22init/0hard/-14soft), selected move count (60), picked move (3-15@- {null -> R8C3}).
2026-10-02 22:50:38.552 DEBUG [org.example.apitest.seating.SeatExamApp.main()] org.optaplanner.core.impl.constructionheuristic.DefaultConstructionHeuristicPhase -     CH step (38), time spent (73), score (-21init/0hard/-15soft), selected move count (60), picked move (3-17@- {null -> R1C7}).
2026-10-02 22:50:38.554 DEBUG [org.example.apitest.seating.SeatExamApp.main()] org.optaplanner.core.impl.constructionheuristic.DefaultConstructionHeuristicPhase -     CH step (39), time spent (75), score (-20init/0hard/-16soft), selected move count (60), picked move (3-19@- {null -> R2C8}).
2026-10-02 22:50:38.554 DEBUG [org.example.apitest.seating.SeatExamApp.main()] org.optaplanner.core.impl.constructionheuristic.DefaultConstructionHeuristicPhase -     CH step (40), time spent (75), score (-19init/0hard/-17soft), selected move count (60), picked move (3-21@- {null -> R3C7}).
2026-10-02 22:50:38.554 DEBUG [org.example.apitest.seating.SeatExamApp.main()] org.optaplanner.core.impl.constructionheuristic.DefaultConstructionHeuristicPhase -     CH step (41), time spent (75), score (-18init/0hard/-18soft), selected move count (60), picked move (3-23@- {null -> R4C8}).
2026-10-02 22:50:38.555 DEBUG [org.example.apitest.seating.SeatExamApp.main()] org.optaplanner.core.impl.constructionheuristic.DefaultConstructionHeuristicPhase -     CH step (42), time spent (76), score (-17init/0hard/-19soft), selected move count (60), picked move (3-25@- {null -> R5C7}).
2026-10-02 22:50:38.557 DEBUG [org.example.apitest.seating.SeatExamApp.main()] org.optaplanner.core.impl.constructionheuristic.DefaultConstructionHeuristicPhase -     CH step (43), time spent (78), score (-16init/0hard/-20soft), selected move count (60), picked move (3-27@- {null -> R6C8}).
2026-10-02 22:50:38.557 DEBUG [org.example.apitest.seating.SeatExamApp.main()] org.optaplanner.core.impl.constructionheuristic.DefaultConstructionHeuristicPhase -     CH step (44), time spent (78), score (-15init/0hard/-21soft), selected move count (60), picked move (3-29@- {null -> R7C7}).
2026-10-02 22:50:38.558 DEBUG [org.example.apitest.seating.SeatExamApp.main()] org.optaplanner.core.impl.constructionheuristic.DefaultConstructionHeuristicPhase -     CH step (45), time spent (79), score (-14init/0hard/-21soft), selected move count (60), picked move (4-01@- {null -> R1C6}).
2026-10-02 22:50:38.558 DEBUG [org.example.apitest.seating.SeatExamApp.main()] org.optaplanner.core.impl.constructionheuristic.DefaultConstructionHeuristicPhase -     CH step (46), time spent (79), score (-13init/0hard/-21soft), selected move count (60), picked move (4-03@- {null -> R2C5}).
2026-10-02 22:50:38.558 DEBUG [org.example.apitest.seating.SeatExamApp.main()] org.optaplanner.core.impl.constructionheuristic.DefaultConstructionHeuristicPhase -     CH step (47), time spent (79), score (-12init/0hard/-21soft), selected move count (60), picked move (4-05@- {null -> R3C6}).
2026-10-02 22:50:38.559 DEBUG [org.example.apitest.seating.SeatExamApp.main()] org.optaplanner.core.impl.constructionheuristic.DefaultConstructionHeuristicPhase -     CH step (48), time spent (80), score (-11init/0hard/-21soft), selected move count (60), picked move (4-07@- {null -> R4C5}).
2026-10-02 22:50:38.559 DEBUG [org.example.apitest.seating.SeatExamApp.main()] org.optaplanner.core.impl.constructionheuristic.DefaultConstructionHeuristicPhase -     CH step (49), time spent (80), score (-10init/0hard/-21soft), selected move count (60), picked move (4-09@- {null -> R5C6}).
2026-10-02 22:50:38.560 DEBUG [org.example.apitest.seating.SeatExamApp.main()] org.optaplanner.core.impl.constructionheuristic.DefaultConstructionHeuristicPhase -     CH step (50), time spent (81), score (-9init/0hard/-21soft), selected move count (60), picked move (4-11@- {null -> R6C5}).
2026-10-02 22:50:38.561 DEBUG [org.example.apitest.seating.SeatExamApp.main()] org.optaplanner.core.impl.constructionheuristic.DefaultConstructionHeuristicPhase -     CH step (51), time spent (82), score (-8init/0hard/-21soft), selected move count (60), picked move (4-13@- {null -> R7C6}).
2026-10-02 22:50:38.563 DEBUG [org.example.apitest.seating.SeatExamApp.main()] org.optaplanner.core.impl.constructionheuristic.DefaultConstructionHeuristicPhase -     CH step (52), time spent (84), score (-7init/0hard/-21soft), selected move count (60), picked move (4-15@- {null -> R8C4}).
2026-10-02 22:50:38.564 DEBUG [org.example.apitest.seating.SeatExamApp.main()] org.optaplanner.core.impl.constructionheuristic.DefaultConstructionHeuristicPhase -     CH step (53), time spent (85), score (-6init/0hard/-22soft), selected move count (60), picked move (4-17@- {null -> R1C8}).
2026-10-02 22:50:38.565 DEBUG [org.example.apitest.seating.SeatExamApp.main()] org.optaplanner.core.impl.constructionheuristic.DefaultConstructionHeuristicPhase -     CH step (54), time spent (86), score (-5init/0hard/-23soft), selected move count (60), picked move (4-19@- {null -> R2C7}).
2026-10-02 22:50:38.566 DEBUG [org.example.apitest.seating.SeatExamApp.main()] org.optaplanner.core.impl.constructionheuristic.DefaultConstructionHeuristicPhase -     CH step (55), time spent (87), score (-4init/0hard/-24soft), selected move count (60), picked move (4-21@- {null -> R3C8}).
2026-10-02 22:50:38.568 DEBUG [org.example.apitest.seating.SeatExamApp.main()] org.optaplanner.core.impl.constructionheuristic.DefaultConstructionHeuristicPhase -     CH step (56), time spent (89), score (-3init/0hard/-25soft), selected move count (60), picked move (4-23@- {null -> R4C7}).
2026-10-02 22:50:38.568 DEBUG [org.example.apitest.seating.SeatExamApp.main()] org.optaplanner.core.impl.constructionheuristic.DefaultConstructionHeuristicPhase -     CH step (57), time spent (89), score (-2init/0hard/-26soft), selected move count (60), picked move (4-25@- {null -> R5C8}).
2026-10-02 22:50:38.569 DEBUG [org.example.apitest.seating.SeatExamApp.main()] org.optaplanner.core.impl.constructionheuristic.DefaultConstructionHeuristicPhase -     CH step (58), time spent (90), score (-1init/0hard/-27soft), selected move count (60), picked move (4-27@- {null -> R6C7}).
2026-10-02 22:50:38.570 DEBUG [org.example.apitest.seating.SeatExamApp.main()] org.optaplanner.core.impl.constructionheuristic.DefaultConstructionHeuristicPhase -     CH step (59), time spent (91), score (0hard/-28soft), selected move count (60), picked move (4-29@- {null -> R7C8}).
2026-10-02 22:50:38.570 INFO  [org.example.apitest.seating.SeatExamApp.main()] org.optaplanner.core.impl.constructionheuristic.DefaultConstructionHeuristicPhase - Construction Heuristic phase (0) ended: time spent (91), best score (0hard/-28soft), score calculation speed (60000/sec), step total (60).
2026-10-02 22:50:40.479 INFO  [org.example.apitest.seating.SeatExamApp.main()] org.optaplanner.core.impl.localsearch.DefaultLocalSearchPhase - Local Search phase (1) ended: time spent (2000), best score (0hard/-28soft), score calculation speed (231025/sec), step total (55801).
2026-10-02 22:50:40.480 INFO  [org.example.apitest.seating.SeatExamApp.main()] org.optaplanner.core.impl.solver.DefaultSolver - Solving ended: time spent (2000), best score (0hard/-28soft), score calculation speed (221967/sec), phase total (2), environment mode (REPRODUCIBLE), move thread count (NONE).
2026-10-02 22:50:40.481 INFO  [org.example.apitest.seating.SeatExamApp.main()] org.example.apitest.seating.SeatExamApp - === 第 1 场：60 名考生 / 60 个座位，得分 0hard/-28soft ===
2026-10-02 22:50:40.484 INFO  [org.example.apitest.seating.SeatExamApp.main()] org.example.apitest.seating.SeatExamApp - 
  R1 |  1-01 |  2-01 |  1-17 |  2-17 |  3-01 |  4-01 |  3-17 |  4-17 |
  R2 |  2-03 |  1-03 |  2-19 |  1-19 |  4-03 |  3-03 |  4-19 |  3-19 |
  R3 |  1-05 |  2-05 |  1-21 |  2-21 |  3-05 |  4-05 |  3-21 |  4-21 |
  R4 |  2-07 |  1-07 |  2-23 |  1-23 |  4-07 |  3-07 |  4-23 |  3-23 |
  R5 |  1-09 |  2-09 |  1-25 |  2-25 |  3-09 |  4-09 |  3-25 |  4-25 |
  R6 |  2-11 |  1-11 |  2-27 |  1-27 |  4-11 |  3-11 |  4-27 |  3-27 |
  R7 |  1-13 |  2-13 |  1-29 |  2-29 |  3-13 |  4-13 |  3-29 |  4-29 |
  R8 |  2-15 |  1-15 |  3-15 |  4-15 |

2026-10-02 22:50:40.484 INFO  [org.example.apitest.seating.SeatExamApp.main()] org.example.apitest.seating.SeatExamApp - 校验通过：无空座、无重复占座、同班考生均未相邻
2026-10-02 22:50:40.489 INFO  [org.example.apitest.seating.SeatExamApp.main()] org.optaplanner.core.impl.solver.DefaultSolver - Solving started: time spent (1), best score (-60init/0hard/0soft), environment mode (REPRODUCIBLE), move thread count (NONE), random (JDK with seed 0).
2026-10-02 22:50:40.492 DEBUG [org.example.apitest.seating.SeatExamApp.main()] org.optaplanner.core.impl.constructionheuristic.DefaultConstructionHeuristicPhase -     CH step (0), time spent (4), score (-59init/0hard/0soft), selected move count (60), picked move (1-02@- {null -> R1C1}).
2026-10-02 22:50:40.492 DEBUG [org.example.apitest.seating.SeatExamApp.main()] org.optaplanner.core.impl.constructionheuristic.DefaultConstructionHeuristicPhase -     CH step (1), time spent (4), score (-58init/0hard/0soft), selected move count (60), picked move (1-04@- {null -> R2C2}).
2026-10-02 22:50:40.493 DEBUG [org.example.apitest.seating.SeatExamApp.main()] org.optaplanner.core.impl.constructionheuristic.DefaultConstructionHeuristicPhase -     CH step (2), time spent (5), score (-57init/0hard/0soft), selected move count (60), picked move (1-06@- {null -> R3C1}).
2026-10-02 22:50:40.493 DEBUG [org.example.apitest.seating.SeatExamApp.main()] org.optaplanner.core.impl.constructionheuristic.DefaultConstructionHeuristicPhase -     CH step (3), time spent (5), score (-56init/0hard/0soft), selected move count (60), picked move (1-08@- {null -> R4C2}).
2026-10-02 22:50:40.493 DEBUG [org.example.apitest.seating.SeatExamApp.main()] org.optaplanner.core.impl.constructionheuristic.DefaultConstructionHeuristicPhase -     CH step (4), time spent (5), score (-55init/0hard/0soft), selected move count (60), picked move (1-10@- {null -> R5C1}).
2026-10-02 22:50:40.493 DEBUG [org.example.apitest.seating.SeatExamApp.main()] org.optaplanner.core.impl.constructionheuristic.DefaultConstructionHeuristicPhase -     CH step (5), time spent (5), score (-54init/0hard/0soft), selected move count (60), picked move (1-12@- {null -> R6C2}).
2026-10-02 22:50:40.493 DEBUG [org.example.apitest.seating.SeatExamApp.main()] org.optaplanner.core.impl.constructionheuristic.DefaultConstructionHeuristicPhase -     CH step (6), time spent (5), score (-53init/0hard/0soft), selected move count (60), picked move (1-14@- {null -> R7C1}).
2026-10-02 22:50:40.495 DEBUG [org.example.apitest.seating.SeatExamApp.main()] org.optaplanner.core.impl.constructionheuristic.DefaultConstructionHeuristicPhase -     CH step (7), time spent (5), score (-52init/0hard/0soft), selected move count (60), picked move (1-16@- {null -> R8C2}).
2026-10-02 22:50:40.495 DEBUG [org.example.apitest.seating.SeatExamApp.main()] org.optaplanner.core.impl.constructionheuristic.DefaultConstructionHeuristicPhase -     CH step (8), time spent (7), score (-51init/0hard/-1soft), selected move count (60), picked move (1-18@- {null -> R1C3}).
2026-10-02 22:50:40.495 DEBUG [org.example.apitest.seating.SeatExamApp.main()] org.optaplanner.core.impl.constructionheuristic.DefaultConstructionHeuristicPhase -     CH step (9), time spent (7), score (-50init/0hard/-2soft), selected move count (60), picked move (1-20@- {null -> R2C4}).
2026-10-02 22:50:40.495 DEBUG [org.example.apitest.seating.SeatExamApp.main()] org.optaplanner.core.impl.constructionheuristic.DefaultConstructionHeuristicPhase -     CH step (10), time spent (7), score (-49init/0hard/-3soft), selected move count (60), picked move (1-22@- {null -> R3C3}).
2026-10-02 22:50:40.495 DEBUG [org.example.apitest.seating.SeatExamApp.main()] org.optaplanner.core.impl.constructionheuristic.DefaultConstructionHeuristicPhase -     CH step (11), time spent (7), score (-48init/0hard/-4soft), selected move count (60), picked move (1-24@- {null -> R4C4}).
2026-10-02 22:50:40.496 DEBUG [org.example.apitest.seating.SeatExamApp.main()] org.optaplanner.core.impl.constructionheuristic.DefaultConstructionHeuristicPhase -     CH step (12), time spent (8), score (-47init/0hard/-5soft), selected move count (60), picked move (1-26@- {null -> R5C3}).
2026-10-02 22:50:40.496 DEBUG [org.example.apitest.seating.SeatExamApp.main()] org.optaplanner.core.impl.constructionheuristic.DefaultConstructionHeuristicPhase -     CH step (13), time spent (8), score (-46init/0hard/-6soft), selected move count (60), picked move (1-28@- {null -> R6C4}).
2026-10-02 22:50:40.496 DEBUG [org.example.apitest.seating.SeatExamApp.main()] org.optaplanner.core.impl.constructionheuristic.DefaultConstructionHeuristicPhase -     CH step (14), time spent (8), score (-45init/0hard/-7soft), selected move count (60), picked move (1-30@- {null -> R7C3}).
2026-10-02 22:50:40.496 DEBUG [org.example.apitest.seating.SeatExamApp.main()] org.optaplanner.core.impl.constructionheuristic.DefaultConstructionHeuristicPhase -     CH step (15), time spent (8), score (-44init/0hard/-7soft), selected move count (60), picked move (2-02@- {null -> R1C2}).
2026-10-02 22:50:40.497 DEBUG [org.example.apitest.seating.SeatExamApp.main()] org.optaplanner.core.impl.constructionheuristic.DefaultConstructionHeuristicPhase -     CH step (16), time spent (9), score (-43init/0hard/-7soft), selected move count (60), picked move (2-04@- {null -> R2C1}).
2026-10-02 22:50:40.497 DEBUG [org.example.apitest.seating.SeatExamApp.main()] org.optaplanner.core.impl.constructionheuristic.DefaultConstructionHeuristicPhase -     CH step (17), time spent (9), score (-42init/0hard/-7soft), selected move count (60), picked move (2-06@- {null -> R3C2}).
2026-10-02 22:50:40.497 DEBUG [org.example.apitest.seating.SeatExamApp.main()] org.optaplanner.core.impl.constructionheuristic.DefaultConstructionHeuristicPhase -     CH step (18), time spent (9), score (-41init/0hard/-7soft), selected move count (60), picked move (2-08@- {null -> R4C1}).
2026-10-02 22:50:40.497 DEBUG [org.example.apitest.seating.SeatExamApp.main()] org.optaplanner.core.impl.constructionheuristic.DefaultConstructionHeuristicPhase -     CH step (19), time spent (9), score (-40init/0hard/-7soft), selected move count (60), picked move (2-10@- {null -> R5C2}).
2026-10-02 22:50:40.497 DEBUG [org.example.apitest.seating.SeatExamApp.main()] org.optaplanner.core.impl.constructionheuristic.DefaultConstructionHeuristicPhase -     CH step (20), time spent (9), score (-39init/0hard/-7soft), selected move count (60), picked move (2-12@- {null -> R6C1}).
2026-10-02 22:50:40.498 DEBUG [org.example.apitest.seating.SeatExamApp.main()] org.optaplanner.core.impl.constructionheuristic.DefaultConstructionHeuristicPhase -     CH step (21), time spent (10), score (-38init/0hard/-7soft), selected move count (60), picked move (2-14@- {null -> R7C2}).
2026-10-02 22:50:40.498 DEBUG [org.example.apitest.seating.SeatExamApp.main()] org.optaplanner.core.impl.constructionheuristic.DefaultConstructionHeuristicPhase -     CH step (22), time spent (10), score (-37init/0hard/-7soft), selected move count (60), picked move (2-16@- {null -> R8C1}).
2026-10-02 22:50:40.498 DEBUG [org.example.apitest.seating.SeatExamApp.main()] org.optaplanner.core.impl.constructionheuristic.DefaultConstructionHeuristicPhase -     CH step (23), time spent (10), score (-36init/0hard/-8soft), selected move count (60), picked move (2-18@- {null -> R1C4}).
2026-10-02 22:50:40.498 DEBUG [org.example.apitest.seating.SeatExamApp.main()] org.optaplanner.core.impl.constructionheuristic.DefaultConstructionHeuristicPhase -     CH step (24), time spent (10), score (-35init/0hard/-9soft), selected move count (60), picked move (2-20@- {null -> R2C3}).
2026-10-02 22:50:40.498 DEBUG [org.example.apitest.seating.SeatExamApp.main()] org.optaplanner.core.impl.constructionheuristic.DefaultConstructionHeuristicPhase -     CH step (25), time spent (10), score (-34init/0hard/-10soft), selected move count (60), picked move (2-22@- {null -> R3C4}).
2026-10-02 22:50:40.500 DEBUG [org.example.apitest.seating.SeatExamApp.main()] org.optaplanner.core.impl.constructionheuristic.DefaultConstructionHeuristicPhase -     CH step (26), time spent (10), score (-33init/0hard/-11soft), selected move count (60), picked move (2-24@- {null -> R4C3}).
2026-10-02 22:50:40.500 DEBUG [org.example.apitest.seating.SeatExamApp.main()] org.optaplanner.core.impl.constructionheuristic.DefaultConstructionHeuristicPhase -     CH step (27), time spent (12), score (-32init/0hard/-12soft), selected move count (60), picked move (2-26@- {null -> R5C4}).
2026-10-02 22:50:40.500 DEBUG [org.example.apitest.seating.SeatExamApp.main()] org.optaplanner.core.impl.constructionheuristic.DefaultConstructionHeuristicPhase -     CH step (28), time spent (12), score (-31init/0hard/-13soft), selected move count (60), picked move (2-28@- {null -> R6C3}).
2026-10-02 22:50:40.500 DEBUG [org.example.apitest.seating.SeatExamApp.main()] org.optaplanner.core.impl.constructionheuristic.DefaultConstructionHeuristicPhase -     CH step (29), time spent (12), score (-30init/0hard/-14soft), selected move count (60), picked move (2-30@- {null -> R7C4}).
2026-10-02 22:50:40.500 DEBUG [org.example.apitest.seating.SeatExamApp.main()] org.optaplanner.core.impl.constructionheuristic.DefaultConstructionHeuristicPhase -     CH step (30), time spent (12), score (-29init/0hard/-14soft), selected move count (60), picked move (3-02@- {null -> R1C5}).
2026-10-02 22:50:40.500 DEBUG [org.example.apitest.seating.SeatExamApp.main()] org.optaplanner.core.impl.constructionheuristic.DefaultConstructionHeuristicPhase -     CH step (31), time spent (12), score (-28init/0hard/-14soft), selected move count (60), picked move (3-04@- {null -> R2C6}).
2026-10-02 22:50:40.501 DEBUG [org.example.apitest.seating.SeatExamApp.main()] org.optaplanner.core.impl.constructionheuristic.DefaultConstructionHeuristicPhase -     CH step (32), time spent (13), score (-27init/0hard/-14soft), selected move count (60), picked move (3-06@- {null -> R3C5}).
2026-10-02 22:50:40.501 DEBUG [org.example.apitest.seating.SeatExamApp.main()] org.optaplanner.core.impl.constructionheuristic.DefaultConstructionHeuristicPhase -     CH step (33), time spent (13), score (-26init/0hard/-14soft), selected move count (60), picked move (3-08@- {null -> R4C6}).
2026-10-02 22:50:40.501 DEBUG [org.example.apitest.seating.SeatExamApp.main()] org.optaplanner.core.impl.constructionheuristic.DefaultConstructionHeuristicPhase -     CH step (34), time spent (13), score (-25init/0hard/-14soft), selected move count (60), picked move (3-10@- {null -> R5C5}).
2026-10-02 22:50:40.501 DEBUG [org.example.apitest.seating.SeatExamApp.main()] org.optaplanner.core.impl.constructionheuristic.DefaultConstructionHeuristicPhase -     CH step (35), time spent (13), score (-24init/0hard/-14soft), selected move count (60), picked move (3-12@- {null -> R6C6}).
2026-10-02 22:50:40.501 DEBUG [org.example.apitest.seating.SeatExamApp.main()] org.optaplanner.core.impl.constructionheuristic.DefaultConstructionHeuristicPhase -     CH step (36), time spent (13), score (-23init/0hard/-14soft), selected move count (60), picked move (3-14@- {null -> R7C5}).
2026-10-02 22:50:40.502 DEBUG [org.example.apitest.seating.SeatExamApp.main()] org.optaplanner.core.impl.constructionheuristic.DefaultConstructionHeuristicPhase -     CH step (37), time spent (14), score (-22init/0hard/-14soft), selected move count (60), picked move (3-16@- {null -> R8C3}).
2026-10-02 22:50:40.502 DEBUG [org.example.apitest.seating.SeatExamApp.main()] org.optaplanner.core.impl.constructionheuristic.DefaultConstructionHeuristicPhase -     CH step (38), time spent (14), score (-21init/0hard/-15soft), selected move count (60), picked move (3-18@- {null -> R1C7}).
2026-10-02 22:50:40.502 DEBUG [org.example.apitest.seating.SeatExamApp.main()] org.optaplanner.core.impl.constructionheuristic.DefaultConstructionHeuristicPhase -     CH step (39), time spent (14), score (-20init/0hard/-16soft), selected move count (60), picked move (3-20@- {null -> R2C8}).
2026-10-02 22:50:40.502 DEBUG [org.example.apitest.seating.SeatExamApp.main()] org.optaplanner.core.impl.constructionheuristic.DefaultConstructionHeuristicPhase -     CH step (40), time spent (14), score (-19init/0hard/-17soft), selected move count (60), picked move (3-22@- {null -> R3C7}).
2026-10-02 22:50:40.502 DEBUG [org.example.apitest.seating.SeatExamApp.main()] org.optaplanner.core.impl.constructionheuristic.DefaultConstructionHeuristicPhase -     CH step (41), time spent (14), score (-18init/0hard/-18soft), selected move count (60), picked move (3-24@- {null -> R4C8}).
2026-10-02 22:50:40.503 DEBUG [org.example.apitest.seating.SeatExamApp.main()] org.optaplanner.core.impl.constructionheuristic.DefaultConstructionHeuristicPhase -     CH step (42), time spent (15), score (-17init/0hard/-19soft), selected move count (60), picked move (3-26@- {null -> R5C7}).
2026-10-02 22:50:40.503 DEBUG [org.example.apitest.seating.SeatExamApp.main()] org.optaplanner.core.impl.constructionheuristic.DefaultConstructionHeuristicPhase -     CH step (43), time spent (15), score (-16init/0hard/-20soft), selected move count (60), picked move (3-28@- {null -> R6C8}).
2026-10-02 22:50:40.503 DEBUG [org.example.apitest.seating.SeatExamApp.main()] org.optaplanner.core.impl.constructionheuristic.DefaultConstructionHeuristicPhase -     CH step (44), time spent (15), score (-15init/0hard/-21soft), selected move count (60), picked move (3-30@- {null -> R7C7}).
2026-10-02 22:50:40.503 DEBUG [org.example.apitest.seating.SeatExamApp.main()] org.optaplanner.core.impl.constructionheuristic.DefaultConstructionHeuristicPhase -     CH step (45), time spent (15), score (-14init/0hard/-21soft), selected move count (60), picked move (4-02@- {null -> R1C6}).
2026-10-02 22:50:40.504 DEBUG [org.example.apitest.seating.SeatExamApp.main()] org.optaplanner.core.impl.constructionheuristic.DefaultConstructionHeuristicPhase -     CH step (46), time spent (16), score (-13init/0hard/-21soft), selected move count (60), picked move (4-04@- {null -> R2C5}).
2026-10-02 22:50:40.504 DEBUG [org.example.apitest.seating.SeatExamApp.main()] org.optaplanner.core.impl.constructionheuristic.DefaultConstructionHeuristicPhase -     CH step (47), time spent (16), score (-12init/0hard/-21soft), selected move count (60), picked move (4-06@- {null -> R3C6}).
2026-10-02 22:50:40.504 DEBUG [org.example.apitest.seating.SeatExamApp.main()] org.optaplanner.core.impl.constructionheuristic.DefaultConstructionHeuristicPhase -     CH step (48), time spent (16), score (-11init/0hard/-21soft), selected move count (60), picked move (4-08@- {null -> R4C5}).
2026-10-02 22:50:40.504 DEBUG [org.example.apitest.seating.SeatExamApp.main()] org.optaplanner.core.impl.constructionheuristic.DefaultConstructionHeuristicPhase -     CH step (49), time spent (16), score (-10init/0hard/-21soft), selected move count (60), picked move (4-10@- {null -> R5C6}).
2026-10-02 22:50:40.504 DEBUG [org.example.apitest.seating.SeatExamApp.main()] org.optaplanner.core.impl.constructionheuristic.DefaultConstructionHeuristicPhase -     CH step (50), time spent (16), score (-9init/0hard/-21soft), selected move count (60), picked move (4-12@- {null -> R6C5}).
2026-10-02 22:50:40.504 DEBUG [org.example.apitest.seating.SeatExamApp.main()] org.optaplanner.core.impl.constructionheuristic.DefaultConstructionHeuristicPhase -     CH step (51), time spent (16), score (-8init/0hard/-21soft), selected move count (60), picked move (4-14@- {null -> R7C6}).
2026-10-02 22:50:40.505 DEBUG [org.example.apitest.seating.SeatExamApp.main()] org.optaplanner.core.impl.constructionheuristic.DefaultConstructionHeuristicPhase -     CH step (52), time spent (17), score (-7init/0hard/-21soft), selected move count (60), picked move (4-16@- {null -> R8C4}).
2026-10-02 22:50:40.505 DEBUG [org.example.apitest.seating.SeatExamApp.main()] org.optaplanner.core.impl.constructionheuristic.DefaultConstructionHeuristicPhase -     CH step (53), time spent (17), score (-6init/0hard/-22soft), selected move count (60), picked move (4-18@- {null -> R1C8}).
2026-10-02 22:50:40.505 DEBUG [org.example.apitest.seating.SeatExamApp.main()] org.optaplanner.core.impl.constructionheuristic.DefaultConstructionHeuristicPhase -     CH step (54), time spent (17), score (-5init/0hard/-23soft), selected move count (60), picked move (4-20@- {null -> R2C7}).
2026-10-02 22:50:40.505 DEBUG [org.example.apitest.seating.SeatExamApp.main()] org.optaplanner.core.impl.constructionheuristic.DefaultConstructionHeuristicPhase -     CH step (55), time spent (17), score (-4init/0hard/-24soft), selected move count (60), picked move (4-22@- {null -> R3C8}).
2026-10-02 22:50:40.505 DEBUG [org.example.apitest.seating.SeatExamApp.main()] org.optaplanner.core.impl.constructionheuristic.DefaultConstructionHeuristicPhase -     CH step (56), time spent (17), score (-3init/0hard/-25soft), selected move count (60), picked move (4-24@- {null -> R4C7}).
2026-10-02 22:50:40.506 DEBUG [org.example.apitest.seating.SeatExamApp.main()] org.optaplanner.core.impl.constructionheuristic.DefaultConstructionHeuristicPhase -     CH step (57), time spent (18), score (-2init/0hard/-26soft), selected move count (60), picked move (4-26@- {null -> R5C8}).
2026-10-02 22:50:40.506 DEBUG [org.example.apitest.seating.SeatExamApp.main()] org.optaplanner.core.impl.constructionheuristic.DefaultConstructionHeuristicPhase -     CH step (58), time spent (18), score (-1init/0hard/-27soft), selected move count (60), picked move (4-28@- {null -> R6C7}).
2026-10-02 22:50:40.506 DEBUG [org.example.apitest.seating.SeatExamApp.main()] org.optaplanner.core.impl.constructionheuristic.DefaultConstructionHeuristicPhase -     CH step (59), time spent (18), score (0hard/-28soft), selected move count (60), picked move (4-30@- {null -> R7C8}).
2026-10-02 22:50:40.507 INFO  [org.example.apitest.seating.SeatExamApp.main()] org.optaplanner.core.impl.constructionheuristic.DefaultConstructionHeuristicPhase - Construction Heuristic phase (0) ended: time spent (18), best score (0hard/-28soft), score calculation speed (211764/sec), step total (60).
2026-10-02 22:50:42.488 INFO  [org.example.apitest.seating.SeatExamApp.main()] org.optaplanner.core.impl.localsearch.DefaultLocalSearchPhase - Local Search phase (1) ended: time spent (2000), best score (0hard/-28soft), score calculation speed (304190/sec), step total (76180).
2026-10-02 22:50:42.488 INFO  [org.example.apitest.seating.SeatExamApp.main()] org.optaplanner.core.impl.solver.DefaultSolver - Solving ended: time spent (2000), best score (0hard/-28soft), score calculation speed (303101/sec), phase total (2), environment mode (REPRODUCIBLE), move thread count (NONE).
2026-10-02 22:50:42.488 INFO  [org.example.apitest.seating.SeatExamApp.main()] org.example.apitest.seating.SeatExamApp - === 第 2 场：60 名考生 / 60 个座位，得分 0hard/-28soft ===
2026-10-02 22:50:42.490 INFO  [org.example.apitest.seating.SeatExamApp.main()] org.example.apitest.seating.SeatExamApp - 
  R1 |  1-02 |  2-02 |  1-18 |  2-18 |  3-02 |  4-02 |  3-18 |  4-18 |
  R2 |  2-04 |  1-04 |  2-20 |  1-20 |  4-04 |  3-04 |  4-20 |  3-20 |
  R3 |  1-06 |  2-06 |  1-22 |  2-22 |  3-06 |  4-06 |  3-22 |  4-22 |
  R4 |  2-08 |  1-08 |  2-24 |  1-24 |  4-08 |  3-08 |  4-24 |  3-24 |
  R5 |  1-10 |  2-10 |  1-26 |  2-26 |  3-10 |  4-10 |  3-26 |  4-26 |
  R6 |  2-12 |  1-12 |  2-28 |  1-28 |  4-12 |  3-12 |  4-28 |  3-28 |
  R7 |  1-14 |  2-14 |  1-30 |  2-30 |  3-14 |  4-14 |  3-30 |  4-30 |
  R8 |  2-16 |  1-16 |  3-16 |  4-16 |

2026-10-02 22:50:42.490 INFO  [org.example.apitest.seating.SeatExamApp.main()] org.example.apitest.seating.SeatExamApp - 校验通过：无空座、无重复占座、同班考生均未相邻
